// Jest Snapshot v1, https://goo.gl/fbAQLP

exports[`Test for GifItems should match with the snapshot 1`] = `undefined`;
